═══ include/AComponent.hpp ═══
    | include/AComponent.hpp:21
    |->   Line   21 │ MINOR │ F2  │ line inside function has 85 columns (max 80)
    | include/AComponent.hpp:24
    |->   Line   24 │ MINOR │ F2  │ line inside function has 89 columns (max 80)

═══ include/Circuit.hpp ═══
    | include/Circuit.hpp:28
    |->   Line   28 │ MINOR │ F2  │ line inside function has 83 columns (max 80)

═══ include/ComponentFactory.hpp ═══
    | include/ComponentFactory.hpp:8
    |->   Line    8 │ INFO  │ L6  │ 27 consecutive non-empty lines without breaks
    | include/ComponentFactory.hpp:36
    |->   Line   36 │ INFO  │ L6  │ 27 consecutive non-empty lines without breaks
    | include/ComponentFactory.hpp:39
    |->   Line   39 │ INFO  │ F1  │ function has 21 lines (approaching limit of 25)
    | include/ComponentFactory.hpp:39
    |->   Line   39 │ MINOR │ E6  │ function 'ComponentFactory' has 21 return points, should have only one
    | include/ComponentFactory.hpp:41
    |->   Line   41 │ MINOR │ F2  │ line inside function has 114 columns (max 80)
    | include/ComponentFactory.hpp:41
    |->   Line   41 │ MINOR │ L1  │ multiple statements on a single line (multiple semicolons)
    | include/ComponentFactory.hpp:42
    |->   Line   42 │ MINOR │ F2  │ line inside function has 114 columns (max 80)
    | include/ComponentFactory.hpp:42
    |->   Line   42 │ MINOR │ L1  │ multiple statements on a single line (multiple semicolons)
    | include/ComponentFactory.hpp:43
    |->   Line   43 │ MINOR │ F2  │ line inside function has 114 columns (max 80)
    | include/ComponentFactory.hpp:43
    |->   Line   43 │ MINOR │ L1  │ multiple statements on a single line (multiple semicolons)
    | include/ComponentFactory.hpp:44
    |->   Line   44 │ MINOR │ F2  │ line inside function has 114 columns (max 80)
    | include/ComponentFactory.hpp:44
    |->   Line   44 │ MINOR │ L1  │ multiple statements on a single line (multiple semicolons)
    | include/ComponentFactory.hpp:45
    |->   Line   45 │ MINOR │ F2  │ line inside function has 114 columns (max 80)
    | include/ComponentFactory.hpp:45
    |->   Line   45 │ MINOR │ L1  │ multiple statements on a single line (multiple semicolons)
    | include/ComponentFactory.hpp:46
    |->   Line   46 │ MINOR │ F2  │ line inside function has 114 columns (max 80)
    | include/ComponentFactory.hpp:46
    |->   Line   46 │ MINOR │ L1  │ multiple statements on a single line (multiple semicolons)
    | include/ComponentFactory.hpp:47
    |->   Line   47 │ MINOR │ F2  │ line inside function has 114 columns (max 80)
    | include/ComponentFactory.hpp:47
    |->   Line   47 │ MINOR │ L1  │ multiple statements on a single line (multiple semicolons)
    | include/ComponentFactory.hpp:48
    |->   Line   48 │ MINOR │ F2  │ line inside function has 114 columns (max 80)
    | include/ComponentFactory.hpp:48
    |->   Line   48 │ MINOR │ L1  │ multiple statements on a single line (multiple semicolons)
    | include/ComponentFactory.hpp:49
    |->   Line   49 │ MINOR │ F2  │ line inside function has 114 columns (max 80)
    | include/ComponentFactory.hpp:49
    |->   Line   49 │ MINOR │ L1  │ multiple statements on a single line (multiple semicolons)
    | include/ComponentFactory.hpp:50
    |->   Line   50 │ MINOR │ F2  │ line inside function has 114 columns (max 80)
    | include/ComponentFactory.hpp:50
    |->   Line   50 │ MINOR │ L1  │ multiple statements on a single line (multiple semicolons)
    | include/ComponentFactory.hpp:51
    |->   Line   51 │ MINOR │ F2  │ line inside function has 103 columns (max 80)
    | include/ComponentFactory.hpp:51
    |->   Line   51 │ MINOR │ L1  │ multiple statements on a single line (multiple semicolons)
    | include/ComponentFactory.hpp:52
    |->   Line   52 │ MINOR │ F2  │ line inside function has 107 columns (max 80)
    | include/ComponentFactory.hpp:52
    |->   Line   52 │ MINOR │ L1  │ multiple statements on a single line (multiple semicolons)
    | include/ComponentFactory.hpp:53
    |->   Line   53 │ MINOR │ F2  │ line inside function has 107 columns (max 80)
    | include/ComponentFactory.hpp:53
    |->   Line   53 │ MINOR │ L1  │ multiple statements on a single line (multiple semicolons)
    | include/ComponentFactory.hpp:54
    |->   Line   54 │ MINOR │ F2  │ line inside function has 107 columns (max 80)
    | include/ComponentFactory.hpp:54
    |->   Line   54 │ MINOR │ L1  │ multiple statements on a single line (multiple semicolons)
    | include/ComponentFactory.hpp:55
    |->   Line   55 │ MINOR │ F2  │ line inside function has 103 columns (max 80)
    | include/ComponentFactory.hpp:55
    |->   Line   55 │ MINOR │ L1  │ multiple statements on a single line (multiple semicolons)
    | include/ComponentFactory.hpp:56
    |->   Line   56 │ MINOR │ F2  │ line inside function has 101 columns (max 80)
    | include/ComponentFactory.hpp:56
    |->   Line   56 │ MINOR │ L1  │ multiple statements on a single line (multiple semicolons)
    | include/ComponentFactory.hpp:57
    |->   Line   57 │ MINOR │ F2  │ line inside function has 109 columns (max 80)
    | include/ComponentFactory.hpp:57
    |->   Line   57 │ MINOR │ L1  │ multiple statements on a single line (multiple semicolons)
    | include/ComponentFactory.hpp:58
    |->   Line   58 │ MINOR │ F2  │ line inside function has 105 columns (max 80)
    | include/ComponentFactory.hpp:58
    |->   Line   58 │ MINOR │ L1  │ multiple statements on a single line (multiple semicolons)
    | include/ComponentFactory.hpp:59
    |->   Line   59 │ MINOR │ F2  │ line inside function has 103 columns (max 80)
    | include/ComponentFactory.hpp:59
    |->   Line   59 │ MINOR │ L1  │ multiple statements on a single line (multiple semicolons)
    | include/ComponentFactory.hpp:60
    |->   Line   60 │ MINOR │ F2  │ line inside function has 105 columns (max 80)
    | include/ComponentFactory.hpp:60
    |->   Line   60 │ MINOR │ L1  │ multiple statements on a single line (multiple semicolons)
    | include/ComponentFactory.hpp:61
    |->   Line   61 │ MINOR │ F2  │ line inside function has 103 columns (max 80)
    | include/ComponentFactory.hpp:61
    |->   Line   61 │ MINOR │ L1  │ multiple statements on a single line (multiple semicolons)
    | include/ComponentFactory.hpp:64
    |->   Line   64 │ MINOR │ E6  │ function 'createComponent' has 2 return points, should have only one

═══ include/Components/4001.hpp ═══
    | include/Components/4001.hpp:1
    |->   Line    1 │ MINOR │ N2  │ file name '4001.hpp' should be PascalCase
    | include/Components/4001.hpp:45
    |->   Line   45 │ MAJOR │ F1  │ function has 31 lines (max 25)
    | include/Components/4001.hpp:45
    |->   Line   45 │ MINOR │ E6  │ function 'compute' has 3 return points, should have only one
    | include/Components/4001.hpp:54
    |->   Line   54 │ INFO  │ L6  │ 26 consecutive non-empty lines without breaks
    | include/Components/4001.hpp:72
    |->   Line   72 │ MINOR │ F2  │ line inside function has 81 columns (max 80)

═══ include/Components/4008.hpp ═══
    | include/Components/4008.hpp:1
    |->   Line    1 │ MINOR │ N2  │ file name '4008.hpp' should be PascalCase
    | include/Components/4008.hpp:18
    |->   Line   18 │ MINOR │ K2  │ constructor should use initializer list for member variables
    | include/Components/4008.hpp:42
    |->   Line   42 │ MINOR │ F2  │ line inside function has 101 columns (max 80)
    | include/Components/4008.hpp:43
    |->   Line   43 │ MINOR │ F2  │ line inside function has 100 columns (max 80)
    | include/Components/4008.hpp:59
    |->   Line   59 │ MINOR │ E6  │ function 'compute' has 6 return points, should have only one
    | include/Components/4008.hpp:61
    |->   Line   61 │ MINOR │ F2  │ line inside function has 92 columns (max 80)

═══ include/Components/4011.hpp ═══
    | include/Components/4011.hpp:1
    |->   Line    1 │ MINOR │ N2  │ file name '4011.hpp' should be PascalCase
    | include/Components/4011.hpp:15
    |->   Line   15 │ INFO  │ L6  │ 46 consecutive non-empty lines without breaks
    | include/Components/4011.hpp:36
    |->   Line   36 │ INFO  │ F1  │ function has 21 lines (approaching limit of 25)
    | include/Components/4011.hpp:36
    |->   Line   36 │ MINOR │ E6  │ function 'compute' has 5 return points, should have only one
    | include/Components/4011.hpp:56
    |->   Line   56 │ MINOR │ F2  │ line inside function has 81 columns (max 80)

═══ include/Components/4030.hpp ═══
    | include/Components/4030.hpp:1
    |->   Line    1 │ MINOR │ N2  │ file name '4030.hpp' should be PascalCase
    | include/Components/4030.hpp:15
    |->   Line   15 │ INFO  │ L6  │ 46 consecutive non-empty lines without breaks
    | include/Components/4030.hpp:36
    |->   Line   36 │ INFO  │ F1  │ function has 21 lines (approaching limit of 25)
    | include/Components/4030.hpp:36
    |->   Line   36 │ MINOR │ E6  │ function 'compute' has 5 return points, should have only one
    | include/Components/4030.hpp:56
    |->   Line   56 │ MINOR │ F2  │ line inside function has 81 columns (max 80)

═══ include/Components/4040.hpp ═══
    | include/Components/4040.hpp:1
    |->   Line    1 │ MINOR │ N2  │ file name '4040.hpp' should be PascalCase
    | include/Components/4040.hpp:18
    |->   Line   18 │ MINOR │ K2  │ constructor should use initializer list for member variables
    | include/Components/4040.hpp:53
    |->   Line   53 │ INFO  │ F1  │ function has 21 lines (approaching limit of 25)
    | include/Components/4040.hpp:53
    |->   Line   53 │ MINOR │ E6  │ function 'compute' has 4 return points, should have only one
    | include/Components/4040.hpp:57
    |->   Line   57 │ MINOR │ F2  │ line inside function has 85 columns (max 80)
    | include/Components/4040.hpp:59
    |->   Line   59 │ MINOR │ F2  │ line inside function has 94 columns (max 80)
    | include/Components/4040.hpp:70
    |->   Line   70 │ MINOR │ F2  │ line inside function has 83 columns (max 80)

═══ include/Components/4069.hpp ═══
    | include/Components/4069.hpp:1
    |->   Line    1 │ MINOR │ N2  │ file name '4069.hpp' should be PascalCase
    | include/Components/4069.hpp:15
    |->   Line   15 │ INFO  │ L6  │ 45 consecutive non-empty lines without breaks
    | include/Components/4069.hpp:37
    |->   Line   37 │ MINOR │ E6  │ function 'compute' has 7 return points, should have only one
    | include/Components/4069.hpp:53
    |->   Line   53 │ MINOR │ F2  │ line inside function has 81 columns (max 80)
    | include/Components/4069.hpp:56
    |->   Line   56 │ MINOR │ F2  │ line inside function has 81 columns (max 80)

═══ include/Components/4071.hpp ═══
    | include/Components/4071.hpp:1
    |->   Line    1 │ MINOR │ N2  │ file name '4071.hpp' should be PascalCase
    | include/Components/4071.hpp:15
    |->   Line   15 │ INFO  │ L6  │ 46 consecutive non-empty lines without breaks
    | include/Components/4071.hpp:36
    |->   Line   36 │ INFO  │ F1  │ function has 21 lines (approaching limit of 25)
    | include/Components/4071.hpp:36
    |->   Line   36 │ MINOR │ E6  │ function 'compute' has 5 return points, should have only one
    | include/Components/4071.hpp:56
    |->   Line   56 │ MINOR │ F2  │ line inside function has 81 columns (max 80)

═══ include/Components/4081.hpp ═══
    | include/Components/4081.hpp:1
    |->   Line    1 │ MINOR │ N2  │ file name '4081.hpp' should be PascalCase
    | include/Components/4081.hpp:15
    |->   Line   15 │ INFO  │ L6  │ 46 consecutive non-empty lines without breaks
    | include/Components/4081.hpp:36
    |->   Line   36 │ INFO  │ F1  │ function has 21 lines (approaching limit of 25)
    | include/Components/4081.hpp:36
    |->   Line   36 │ MINOR │ E6  │ function 'compute' has 5 return points, should have only one
    | include/Components/4081.hpp:56
    |->   Line   56 │ MINOR │ F2  │ line inside function has 81 columns (max 80)

═══ include/Components/4512.hpp ═══
    | include/Components/4512.hpp:1
    |->   Line    1 │ MINOR │ N2  │ file name '4512.hpp' should be PascalCase
    | include/Components/4512.hpp:18
    |->   Line   18 │ MINOR │ K2  │ constructor should use initializer list for member variables
    | include/Components/4512.hpp:41
    |->   Line   41 │ MINOR │ F2  │ line inside function has 85 columns (max 80)
    | include/Components/4512.hpp:51
    |->   Line   51 │ MINOR │ E6  │ function 'compute' has 3 return points, should have only one

═══ include/Components/4514.hpp ═══
    | include/Components/4514.hpp:1
    |->   Line    1 │ MINOR │ N2  │ file name '4514.hpp' should be PascalCase
    | include/Components/4514.hpp:16
    |->   Line   16 │ INFO  │ L6  │ 56 consecutive non-empty lines without breaks
    | include/Components/4514.hpp:44
    |->   Line   44 │ MINOR │ K3  │ access modifiers should be ordered: public, protected, private
    | include/Components/4514.hpp:45
    |->   Line   45 │ INFO  │ F1  │ function has 25 lines (approaching limit of 25)
    | include/Components/4514.hpp:45
    |->   Line   45 │ MINOR │ K2  │ constructor should use initializer list for member variables
    | include/Components/4514.hpp:89
    |->   Line   89 │ MINOR │ F2  │ line inside function has 85 columns (max 80)
    | include/Components/4514.hpp:92
    |->   Line   92 │ MINOR │ E6  │ function 'isOutput' has 2 return points, should have only one
    | include/Components/4514.hpp:102
    |->   Line  102 │ MINOR │ E6  │ function 'compute' has 4 return points, should have only one
    | include/Components/4514.hpp:109
    |->   Line  109 │ MINOR │ F2  │ line inside function has 91 columns (max 80)
    | include/Components/4514.hpp:111
    |->   Line  111 │ MINOR │ F2  │ line inside function has 89 columns (max 80)

═══ include/Components/And.hpp ═══
    | include/Components/And.hpp:26
    |->   Line   26 │ MINOR │ E6  │ function 'compute' has 2 return points, should have only one

═══ include/Components/Nand.hpp ═══
    | include/Components/Nand.hpp:26
    |->   Line   26 │ MINOR │ E6  │ function 'compute' has 2 return points, should have only one

═══ include/Components/Nor.hpp ═══
    | include/Components/Nor.hpp:26
    |->   Line   26 │ MINOR │ E6  │ function 'compute' has 2 return points, should have only one

═══ include/Components/Not.hpp ═══
    | include/Components/Not.hpp:25
    |->   Line   25 │ MINOR │ E6  │ function 'compute' has 2 return points, should have only one

═══ include/Components/Or.hpp ═══
    | include/Components/Or.hpp:26
    |->   Line   26 │ MINOR │ E6  │ function 'compute' has 2 return points, should have only one

═══ include/Components/Output.hpp ═══
    | include/Components/Output.hpp:21
    |->   Line   21 │ MINOR │ F2  │ line inside function has 83 columns (max 80)

═══ include/Components/Xor.hpp ═══
    | include/Components/Xor.hpp:26
    |->   Line   26 │ MINOR │ E6  │ function 'compute' has 2 return points, should have only one

═══ include/ParserHelper.hpp ═══
    | include/ParserHelper.hpp:20
    |->   Line   20 │ MINOR │ E6  │ function 'removeFromChar' has 2 return points, should have only one
    | include/ParserHelper.hpp:40
    |->   Line   40 │ MINOR │ F2  │ line inside function has 86 columns (max 80)

═══ include/Shell.hpp ═══
    | include/Shell.hpp:20
    |->   Line   20 │ MAJOR │ E1  │ exit() should not be called outside main() function

═══ src/Circuit.cpp ═══
    | src/Circuit.cpp:54
    |->   Line   54 │ MINOR │ E6  │ function 'isNumber' has 3 return points, should have only one
    | src/Circuit.cpp:83
    |->   Line   83 │ MAJOR │ G4  │ global variable 'GSIGNALSTATUS' should be avoided (use const/constexpr or class members)

═══ src/Shell.cpp ═══
    | src/Shell.cpp:24
    |->   Line   24 │ MAJOR │ E1  │ exit() should not be called outside main() function
